// Jest Snapshot v1, https://goo.gl/fbAQLP

exports[`EntryMaker component renders correctly 1`] = `
ShallowWrapper {
  "length": 1,
  Symbol(enzyme.__root__): [Circular],
  Symbol(enzyme.__unrendered__): <EntryMaker
    entry={Object {}}
    stageNewEntry={[Function]}
/>,
  Symbol(enzyme.__renderer__): Object {
    "batchedUpdates": [Function],
    "getNode": [Function],
    "render": [Function],
    "simulateEvent": [Function],
    "unmount": [Function],
  },
  Symbol(enzyme.__node__): Object {
    "instance": null,
    "key": undefined,
    "nodeType": "class",
    "props": Object {
      "children": <DayPickerSingleDateController
        date={undefined}
        daySize={39}
        enableOutsideDays={false}
        firstDayOfWeek={null}
        focused={false}
        hideKeyboardShortcutsPanel={false}
        initialVisibleMonth={null}
        isDayBlocked={[Function]}
        isDayHighlighted={[Function]}
        isFocused={false}
        isOutsideRange={[Function]}
        isRTL={false}
        keepOpenOnDateSelect={false}
        monthFormat="MMMM YYYY"
        navNext={null}
        navPrev={null}
        noBorder={false}
        numberOfMonths={3}
        onBlur={[Function]}
        onClose={[Function]}
        onDateChange={[Function]}
        onFocusChange={[Function]}
        onNextMonthClick={[Function]}
        onOutsideClick={null}
        onPrevMonthClick={[Function]}
        orientation="horizontal"
        phrases={
                Object {
                        "calendarLabel": "Calendar",
                        "chooseAvailableDate": [Function],
                        "chooseAvailableEndDate": [Function],
                        "chooseAvailableStartDate": [Function],
                        "dateIsSelected": [Function],
                        "dateIsUnavailable": [Function],
                        "enterKey": "Enter key",
                        "escape": "Escape key",
                        "hideKeyboardShortcutsPanel": "Close the shortcuts panel.",
                        "homeEnd": "Home and end keys",
                        "jumpToNextMonth": "Move forward to switch to the next month.",
                        "jumpToPrevMonth": "Move backward to switch to the previous month.",
                        "keyboardShortcuts": "Keyboard Shortcuts",
                        "leftArrowRightArrow": "Right and left arrow keys",
                        "moveFocusByOneDay": "Move backward (left) and forward (right) by one day.",
                        "moveFocusByOneMonth": "Switch months.",
                        "moveFocusByOneWeek": "Move backward (up) and forward (down) by one week.",
                        "moveFocustoStartAndEndOfWeek": "Go to the first or last day of a week.",
                        "openThisPanel": "Open this panel.",
                        "pageUpPageDown": "page up and page down keys",
                        "questionMark": "Question mark",
                        "returnFocusToInput": "Return to the date input field.",
                        "selectFocusedDate": "Select the date in focus.",
                        "showKeyboardShortcutsPanel": "Open the keyboard shortcuts panel.",
                        "upArrowDownArrow": "up and down arrow keys",
                      }
        }
        renderCalendarDay={undefined}
        renderCalendarInfo={null}
        renderDayContents={null}
        renderMonth={null}
        showKeyboardShortcuts={false}
        transitionDuration={undefined}
        verticalHeight={null}
        weekDayFormat="dd"
        withPortal={false}
/>,
    },
    "ref": null,
    "rendered": Object {
      "instance": null,
      "key": undefined,
      "nodeType": "class",
      "props": Object {
        "date": undefined,
        "daySize": 39,
        "enableOutsideDays": false,
        "firstDayOfWeek": null,
        "focused": false,
        "hideKeyboardShortcutsPanel": false,
        "initialVisibleMonth": null,
        "isDayBlocked": [Function],
        "isDayHighlighted": [Function],
        "isFocused": false,
        "isOutsideRange": [Function],
        "isRTL": false,
        "keepOpenOnDateSelect": false,
        "monthFormat": "MMMM YYYY",
        "navNext": null,
        "navPrev": null,
        "noBorder": false,
        "numberOfMonths": 3,
        "onBlur": [Function],
        "onClose": [Function],
        "onDateChange": [Function],
        "onFocusChange": [Function],
        "onNextMonthClick": [Function],
        "onOutsideClick": null,
        "onPrevMonthClick": [Function],
        "orientation": "horizontal",
        "phrases": Object {
          "calendarLabel": "Calendar",
          "chooseAvailableDate": [Function],
          "chooseAvailableEndDate": [Function],
          "chooseAvailableStartDate": [Function],
          "dateIsSelected": [Function],
          "dateIsUnavailable": [Function],
          "enterKey": "Enter key",
          "escape": "Escape key",
          "hideKeyboardShortcutsPanel": "Close the shortcuts panel.",
          "homeEnd": "Home and end keys",
          "jumpToNextMonth": "Move forward to switch to the next month.",
          "jumpToPrevMonth": "Move backward to switch to the previous month.",
          "keyboardShortcuts": "Keyboard Shortcuts",
          "leftArrowRightArrow": "Right and left arrow keys",
          "moveFocusByOneDay": "Move backward (left) and forward (right) by one day.",
          "moveFocusByOneMonth": "Switch months.",
          "moveFocusByOneWeek": "Move backward (up) and forward (down) by one week.",
          "moveFocustoStartAndEndOfWeek": "Go to the first or last day of a week.",
          "openThisPanel": "Open this panel.",
          "pageUpPageDown": "page up and page down keys",
          "questionMark": "Question mark",
          "returnFocusToInput": "Return to the date input field.",
          "selectFocusedDate": "Select the date in focus.",
          "showKeyboardShortcutsPanel": "Open the keyboard shortcuts panel.",
          "upArrowDownArrow": "up and down arrow keys",
        },
        "renderCalendarDay": undefined,
        "renderCalendarInfo": null,
        "renderDayContents": null,
        "renderMonth": null,
        "showKeyboardShortcuts": false,
        "transitionDuration": undefined,
        "verticalHeight": null,
        "weekDayFormat": "dd",
        "withPortal": false,
      },
      "ref": null,
      "rendered": null,
      "type": [Function],
    },
    "type": [Function],
  },
  Symbol(enzyme.__nodes__): Array [
    Object {
      "instance": null,
      "key": undefined,
      "nodeType": "class",
      "props": Object {
        "children": <DayPickerSingleDateController
          date={undefined}
          daySize={39}
          enableOutsideDays={false}
          firstDayOfWeek={null}
          focused={false}
          hideKeyboardShortcutsPanel={false}
          initialVisibleMonth={null}
          isDayBlocked={[Function]}
          isDayHighlighted={[Function]}
          isFocused={false}
          isOutsideRange={[Function]}
          isRTL={false}
          keepOpenOnDateSelect={false}
          monthFormat="MMMM YYYY"
          navNext={null}
          navPrev={null}
          noBorder={false}
          numberOfMonths={3}
          onBlur={[Function]}
          onClose={[Function]}
          onDateChange={[Function]}
          onFocusChange={[Function]}
          onNextMonthClick={[Function]}
          onOutsideClick={null}
          onPrevMonthClick={[Function]}
          orientation="horizontal"
          phrases={
                    Object {
                              "calendarLabel": "Calendar",
                              "chooseAvailableDate": [Function],
                              "chooseAvailableEndDate": [Function],
                              "chooseAvailableStartDate": [Function],
                              "dateIsSelected": [Function],
                              "dateIsUnavailable": [Function],
                              "enterKey": "Enter key",
                              "escape": "Escape key",
                              "hideKeyboardShortcutsPanel": "Close the shortcuts panel.",
                              "homeEnd": "Home and end keys",
                              "jumpToNextMonth": "Move forward to switch to the next month.",
                              "jumpToPrevMonth": "Move backward to switch to the previous month.",
                              "keyboardShortcuts": "Keyboard Shortcuts",
                              "leftArrowRightArrow": "Right and left arrow keys",
                              "moveFocusByOneDay": "Move backward (left) and forward (right) by one day.",
                              "moveFocusByOneMonth": "Switch months.",
                              "moveFocusByOneWeek": "Move backward (up) and forward (down) by one week.",
                              "moveFocustoStartAndEndOfWeek": "Go to the first or last day of a week.",
                              "openThisPanel": "Open this panel.",
                              "pageUpPageDown": "page up and page down keys",
                              "questionMark": "Question mark",
                              "returnFocusToInput": "Return to the date input field.",
                              "selectFocusedDate": "Select the date in focus.",
                              "showKeyboardShortcutsPanel": "Open the keyboard shortcuts panel.",
                              "upArrowDownArrow": "up and down arrow keys",
                            }
          }
          renderCalendarDay={undefined}
          renderCalendarInfo={null}
          renderDayContents={null}
          renderMonth={null}
          showKeyboardShortcuts={false}
          transitionDuration={undefined}
          verticalHeight={null}
          weekDayFormat="dd"
          withPortal={false}
/>,
      },
      "ref": null,
      "rendered": Object {
        "instance": null,
        "key": undefined,
        "nodeType": "class",
        "props": Object {
          "date": undefined,
          "daySize": 39,
          "enableOutsideDays": false,
          "firstDayOfWeek": null,
          "focused": false,
          "hideKeyboardShortcutsPanel": false,
          "initialVisibleMonth": null,
          "isDayBlocked": [Function],
          "isDayHighlighted": [Function],
          "isFocused": false,
          "isOutsideRange": [Function],
          "isRTL": false,
          "keepOpenOnDateSelect": false,
          "monthFormat": "MMMM YYYY",
          "navNext": null,
          "navPrev": null,
          "noBorder": false,
          "numberOfMonths": 3,
          "onBlur": [Function],
          "onClose": [Function],
          "onDateChange": [Function],
          "onFocusChange": [Function],
          "onNextMonthClick": [Function],
          "onOutsideClick": null,
          "onPrevMonthClick": [Function],
          "orientation": "horizontal",
          "phrases": Object {
            "calendarLabel": "Calendar",
            "chooseAvailableDate": [Function],
            "chooseAvailableEndDate": [Function],
            "chooseAvailableStartDate": [Function],
            "dateIsSelected": [Function],
            "dateIsUnavailable": [Function],
            "enterKey": "Enter key",
            "escape": "Escape key",
            "hideKeyboardShortcutsPanel": "Close the shortcuts panel.",
            "homeEnd": "Home and end keys",
            "jumpToNextMonth": "Move forward to switch to the next month.",
            "jumpToPrevMonth": "Move backward to switch to the previous month.",
            "keyboardShortcuts": "Keyboard Shortcuts",
            "leftArrowRightArrow": "Right and left arrow keys",
            "moveFocusByOneDay": "Move backward (left) and forward (right) by one day.",
            "moveFocusByOneMonth": "Switch months.",
            "moveFocusByOneWeek": "Move backward (up) and forward (down) by one week.",
            "moveFocustoStartAndEndOfWeek": "Go to the first or last day of a week.",
            "openThisPanel": "Open this panel.",
            "pageUpPageDown": "page up and page down keys",
            "questionMark": "Question mark",
            "returnFocusToInput": "Return to the date input field.",
            "selectFocusedDate": "Select the date in focus.",
            "showKeyboardShortcutsPanel": "Open the keyboard shortcuts panel.",
            "upArrowDownArrow": "up and down arrow keys",
          },
          "renderCalendarDay": undefined,
          "renderCalendarInfo": null,
          "renderDayContents": null,
          "renderMonth": null,
          "showKeyboardShortcuts": false,
          "transitionDuration": undefined,
          "verticalHeight": null,
          "weekDayFormat": "dd",
          "withPortal": false,
        },
        "ref": null,
        "rendered": null,
        "type": [Function],
      },
      "type": [Function],
    },
  ],
  Symbol(enzyme.__options__): Object {
    "adapter": ReactSixteenAdapter {
      "options": Object {
        "enableComponentDidUpdateOnSetState": true,
      },
    },
    "context": Object {
      "__styled-components__": [Function],
      "__styled-components__next__": Object {
        "getTheme": [Function],
        "subscribe": [Function],
        "unsubscribe": [Function],
      },
    },
  },
}
`;
